---
source: tests/integration_golden_stdout.rs
assertion_line: 186
expression: "rendered.join(\"\\n\\n\")"
---
== config path ==
config_directory: string
config_file: string
type: string = "config_path"

== config list ==
allowed_keys[]: string
config_file: string
type: string = "config_list"
values: object(empty)

== config get ==
key: string
present: bool
type: string = "config_get"
value: null

== config effective ==
allowed_keys[]: string
config_file: string
note: string
precedence[]: string
type: string = "config_effective"
values.allow_no_warmup.cli: null
values.allow_no_warmup.default: null
values.allow_no_warmup.effective: null
values.allow_no_warmup.source: string
values.allow_no_warmup.xdg: null
values.budget_contention_factor_high_percent.cli: null
values.budget_contention_factor_high_percent.default: string
values.budget_contention_factor_high_percent.effective: string
values.budget_contention_factor_high_percent.source: string
values.budget_contention_factor_high_percent.xdg: null
values.budget_contention_factor_mid_percent.cli: null
values.budget_contention_factor_mid_percent.default: string
values.budget_contention_factor_mid_percent.effective: string
values.budget_contention_factor_mid_percent.source: string
values.budget_contention_factor_mid_percent.xdg: null
values.budget_contention_high.cli: null
values.budget_contention_high.default: string
values.budget_contention_high.effective: string
values.budget_contention_high.source: string
values.budget_contention_high.xdg: null
values.budget_contention_low.cli: null
values.budget_contention_low.default: string
values.budget_contention_low.effective: string
values.budget_contention_low.source: string
values.budget_contention_low.xdg: null
values.budget_fetch_seconds.cli: null
values.budget_fetch_seconds.default: string
values.budget_fetch_seconds.effective: string
values.budget_fetch_seconds.source: string
values.budget_fetch_seconds.xdg: null
values.budget_profile.cli: null
values.budget_profile.default: string
values.budget_profile.effective: string
values.budget_profile.source: string
values.budget_profile.xdg: null
values.budget_safety_margin_percent.cli: null
values.budget_safety_margin_percent.default: string
values.budget_safety_margin_percent.effective: string
values.budget_safety_margin_percent.source: string
values.budget_safety_margin_percent.xdg: null
values.budget_serp_seconds.cli: null
values.budget_serp_seconds.default: string
values.budget_serp_seconds.effective: string
values.budget_serp_seconds.source: string
values.budget_serp_seconds.xdg: null
values.chrome_path.cli: null
values.chrome_path.default: null
values.chrome_path.effective: null
values.chrome_path.source: string
values.chrome_path.xdg: null
values.chrome_session_retries.cli: null
values.chrome_session_retries.default: string
values.chrome_session_retries.effective: string
values.chrome_session_retries.source: string
values.chrome_session_retries.xdg: null
values.deep_research_allow_under_budget.cli: null
values.deep_research_allow_under_budget.default: string
values.deep_research_allow_under_budget.effective: string
values.deep_research_allow_under_budget.source: string
values.deep_research_allow_under_budget.xdg: null
values.deep_research_auto_contention_budget.cli: null
values.deep_research_auto_contention_budget.default: string
values.deep_research_auto_contention_budget.effective: string
values.deep_research_auto_contention_budget.source: string
values.deep_research_auto_contention_budget.xdg: null
values.deep_research_timeout_grace_seconds.cli: null
values.deep_research_timeout_grace_seconds.default: string
values.deep_research_timeout_grace_seconds.effective: string
values.deep_research_timeout_grace_seconds.source: string
values.deep_research_timeout_grace_seconds.xdg: null
values.default_cancel_grace_secs.cli: null
values.default_cancel_grace_secs.default: null
values.default_cancel_grace_secs.effective: null
values.default_cancel_grace_secs.source: string
values.default_cancel_grace_secs.xdg: null
values.default_content_truncate.cli: null
values.default_content_truncate.default: null
values.default_content_truncate.effective: null
values.default_content_truncate.source: string
values.default_content_truncate.xdg: null
values.default_country.cli: null
values.default_country.default: string
values.default_country.effective: string
values.default_country.source: string
values.default_country.xdg: null
values.default_dedupe_by.cli: null
values.default_dedupe_by.default: null
values.default_dedupe_by.effective: null
values.default_dedupe_by.source: string
values.default_dedupe_by.xdg: null
values.default_fetch_content_cap.cli: null
values.default_fetch_content_cap.default: string
values.default_fetch_content_cap.effective: string
values.default_fetch_content_cap.source: string
values.default_fetch_content_cap.xdg: null
values.default_global_timeout.cli: null
values.default_global_timeout.default: string
values.default_global_timeout.effective: string
values.default_global_timeout.source: string
values.default_global_timeout.xdg: null
values.default_lang.cli: null
values.default_lang.default: string
values.default_lang.effective: string
values.default_lang.source: string
values.default_lang.xdg: null
values.default_max_content_length.cli: null
values.default_max_content_length.default: null
values.default_max_content_length.effective: null
values.default_max_content_length.source: string
values.default_max_content_length.xdg: null
values.default_max_sub_queries.cli: null
values.default_max_sub_queries.default: string
values.default_max_sub_queries.effective: string
values.default_max_sub_queries.source: string
values.default_max_sub_queries.xdg: null
values.default_num_results.cli: null
values.default_num_results.default: null
values.default_num_results.effective: null
values.default_num_results.source: string
values.default_num_results.xdg: null
values.default_pages.cli: null
values.default_pages.default: null
values.default_pages.effective: null
values.default_pages.source: string
values.default_pages.xdg: null
values.default_parallelism.cli: null
values.default_parallelism.default: string
values.default_parallelism.effective: string
values.default_parallelism.source: string
values.default_parallelism.xdg: null
values.default_per_host_limit.cli: null
values.default_per_host_limit.default: null
values.default_per_host_limit.effective: null
values.default_per_host_limit.source: string
values.default_per_host_limit.xdg: null
values.default_retries.cli: null
values.default_retries.default: null
values.default_retries.effective: null
values.default_retries.source: string
values.default_retries.xdg: null
values.default_sort.cli: null
values.default_sort.default: null
values.default_sort.effective: null
values.default_sort.source: string
values.default_sort.xdg: null
values.default_timeout.cli: null
values.default_timeout.default: null
values.default_timeout.effective: null
values.default_timeout.source: string
values.default_timeout.xdg: null
values.default_vertical.cli: null
values.default_vertical.default: string
values.default_vertical.effective: string
values.default_vertical.source: string
values.default_vertical.xdg: null
values.fetch_content_default.cli: null
values.fetch_content_default.default: string
values.fetch_content_default.effective: string
values.fetch_content_default.source: string
values.fetch_content_default.xdg: null
values.linux_cgroup_enabled.cli: null
values.linux_cgroup_enabled.default: null
values.linux_cgroup_enabled.effective: null
values.linux_cgroup_enabled.source: string
values.linux_cgroup_enabled.xdg: null
values.linux_cgroup_memory_max_mb.cli: null
values.linux_cgroup_memory_max_mb.default: null
values.linux_cgroup_memory_max_mb.effective: null
values.linux_cgroup_memory_max_mb.source: string
values.linux_cgroup_memory_max_mb.xdg: null
values.log_directive.cli: null
values.log_directive.default: null
values.log_directive.effective: null
values.log_directive.source: string
values.log_directive.xdg: null
values.max_output_bytes.cli: null
values.max_output_bytes.default: null
values.max_output_bytes.effective: null
values.max_output_bytes.source: string
values.max_output_bytes.xdg: null
values.probe_deep_extract_timeout_seconds.cli: null
values.probe_deep_extract_timeout_seconds.default: string
values.probe_deep_extract_timeout_seconds.effective: string
values.probe_deep_extract_timeout_seconds.source: string
values.probe_deep_extract_timeout_seconds.xdg: null
values.probe_deep_launch_timeout_seconds.cli: null
values.probe_deep_launch_timeout_seconds.default: string
values.probe_deep_launch_timeout_seconds.effective: string
values.probe_deep_launch_timeout_seconds.source: string
values.probe_deep_launch_timeout_seconds.xdg: null
values.probe_extract_timeout_seconds.cli: null
values.probe_extract_timeout_seconds.default: string
values.probe_extract_timeout_seconds.effective: string
values.probe_extract_timeout_seconds.source: string
values.probe_extract_timeout_seconds.xdg: null
values.probe_launch_timeout_seconds.cli: null
values.probe_launch_timeout_seconds.default: string
values.probe_launch_timeout_seconds.effective: string
values.probe_launch_timeout_seconds.source: string
values.probe_launch_timeout_seconds.xdg: null
values.proxy_url.cli: null
values.proxy_url.default: null
values.proxy_url.effective: null
values.proxy_url.source: string
values.proxy_url.xdg: null
values.ui_lang.cli: null
values.ui_lang.default: null
values.ui_lang.effective: null
values.ui_lang.source: string
values.ui_lang.xdg: null
values.wire_keys.cli: null
values.wire_keys.default: null
values.wire_keys.effective: null
values.wire_keys.source: string
values.wire_keys.xdg: null

== config set ==
action: string
config_file: string
key: string
type: string = "config_mutation"
value: string

== config unset ==
action: string
config_file: string
key: string
removed: bool
type: string = "config_mutation"
